

=====================================================================
== C:\Program Files (x86)\Steam\SteamApps\common\Arma 3 Tools\Arma3Tools.exe
== "C:\Program Files (x86)\Steam\SteamApps\common\Arma 3 Tools\Arma3Tools.exe" System.Collections.ObjectModel.ReadOnlyCollection`1[System.String]

Exe timestamp: 2014/08/18 5:58:16
Current time:  2014/08/18 6:14:47

Type: Public
Branch: Stable
Version: 1.2.7.11

=====================================================================
== Application info ==
ProductName: 
	Arma 3 Tools Launcher
AssemblyName: 
	Arma3Tools
Version: 
	1.2.7.11
LoadedAssemblies: 
	System.Collections.ObjectModel.ReadOnlyCollection`1[System.Reflection.Assembly]
== Settings.ini ==
== Begin of trace ==
[INFO]Function exist(application As String = bipte) As Boolean
[INFO]Function exist(application As String = mikero) As Boolean
[INFO]Function exist(application As String = fsmeditor) As Boolean
[INFO]Function exist(application As String = bipte) As Boolean
[INFO]Function exist(application As String = texview) As Boolean
[INFO]Function exist(application As String = bipte) As Boolean
[INFO]Function exist(application As String = bipte) As Boolean
[INFO]Function exist(application As String = mikero) As Boolean
[INFO]Function exist(application As String = fsmeditor) As Boolean
[INFO]Function exist(application As String = bipte) As Boolean
[INFO]Function exist(application As String = texview) As Boolean
[INFO]Function exist(application As String = bipte) As Boolean
====================================================
[INFO]Parent: Arma3Tools
[INFO]BEGIN Main_Load
[INFO]checkInstallation
[INFO]Close at 20140818_61457
[INFO]checkInstallation/Registry
[INFO]checkInstallation/settings.ini
[INFO]/checkInstallation
[INFO]END Main_Load


=====================================================================
== C:\Program Files (x86)\Steam\SteamApps\common\Arma 3 Tools\Arma3Tools.exe
== "C:\Program Files (x86)\Steam\SteamApps\common\Arma 3 Tools\Arma3Tools.exe" System.Collections.ObjectModel.ReadOnlyCollection`1[System.String]

Exe timestamp: 2014/08/18 5:58:16
Current time:  2014/08/18 6:23:55

Type: Public
Branch: Stable
Version: 1.2.7.11

=====================================================================
== Application info ==
ProductName: 
	Arma 3 Tools Launcher
AssemblyName: 
	Arma3Tools
Version: 
	1.2.7.11
LoadedAssemblies: 
	System.Collections.ObjectModel.ReadOnlyCollection`1[System.Reflection.Assembly]
== Settings.ini ==
== Begin of trace ==
[INFO]Function exist(application As String = bipte) As Boolean
[INFO]Function exist(application As String = mikero) As Boolean
[INFO]Function exist(application As String = fsmeditor) As Boolean
[INFO]Function exist(application As String = bipte) As Boolean
[INFO]Function exist(application As String = texview) As Boolean
[INFO]Function exist(application As String = bipte) As Boolean
[INFO]Function exist(application As String = bipte) As Boolean
[INFO]Function exist(application As String = mikero) As Boolean
[INFO]Function exist(application As String = fsmeditor) As Boolean
[INFO]Function exist(application As String = bipte) As Boolean
[INFO]Function exist(application As String = texview) As Boolean
[INFO]Function exist(application As String = bipte) As Boolean
====================================================
[INFO]Parent: Arma3Tools
[INFO]BEGIN Main_Load
[INFO]checkInstallation
[INFO]Close at 20140818_62356
[INFO]checkInstallation/Registry
[INFO]checkInstallation/settings.ini
[INFO]/checkInstallation
[INFO]END Main_Load
